// Jest Snapshot v1, https://goo.gl/fbAQLP

exports[`WeatherView renders correctly 1`] = `
<DocumentFragment>
  <div
    class="weatherContainer"
  >
    <div
      class="weatherDisplay"
    >
      <div
        class="weatherHeader"
      >
        <div
          class="cityName"
        >
          Berkeley
        </div>
        <div
          class="timeStamp"
        >
          Tue Aug 03 2021 15:09:59 GMT-0700 (Pacific Daylight Time)
        </div>
      </div>
      <div
        class="currentTemp"
      >
        74.59°F
      </div>
      <div
        class="minMaxTemps"
      >
        <div>
          Low: 57.88°F
        </div>
        <div>
          High: 99.77°F
        </div>
      </div>
      <div
        class="icon"
      >
        <div
          class="weatherIcon"
        >
          <img
            alt="Clouds"
            class="iconImage"
            src="https://openweathermap.org/img/wn/02d.png"
          />
        </div>
      </div>
      <div
        class="weatherInfo"
      >
        <div
          class="weatherDescription"
        >
          few clouds
        </div>
      </div>
    </div>
  </div>
</DocumentFragment>
`;
